[+] Containers:
 |- [+] Container: /Game/ThirdPerson/Maps/ThirdPersonMap
 |   |- [+] ActorDescs:
 |   |   |- Guid:08E66BAF457989606E951CB293F10450 NativeClass:/Script/Engine.StaticMeshActor Name:StaticMeshActor_UAID_D0C1B53C46033E7402_1761110904 Label:model2 SpatiallyLoaded:true EditorBounds:IsValid=true, Min=(X=899.932 Y=-77.811 Z=-8.768), Max=(X=1197.797 Y=214.138 Z=508.465) RuntimeBounds:IsValid=true, Min=(X=899.932 Y=-77.811 Z=-8.768), Max=(X=1197.797 Y=214.138 Z=508.465) RuntimeGrid:None EditorOnly:false RuntimeOnly:false HLODRelevant:true ListedInSceneOutliner:true IsMainWorldOnly:false
 |   |   |- Guid:0D4F8CF0407C78D5209A72937B6CBA16 NativeClass:/Script/Engine.StaticMeshActor Name:StaticMeshActor_UAID_D0C1B53C46033E7402_1711081903 Label:model SpatiallyLoaded:true EditorBounds:IsValid=true, Min=(X=1153.469 Y=-39.860 Z=-5.608), Max=(X=1373.889 Y=176.182 Z=377.144) RuntimeBounds:IsValid=true, Min=(X=1153.469 Y=-39.860 Z=-5.608), Max=(X=1373.889 Y=176.182 Z=377.144) RuntimeGrid:None EditorOnly:false RuntimeOnly:false HLODRelevant:true ListedInSceneOutliner:true IsMainWorldOnly:false
 |   |   |- Guid:1C1984694D4119BC29C72C8E74F90986 BaseClass:/Game/Game/Blueprints/BP_Button.BP_Button_C NativeClass:/Script/Engine.Actor Name:BP_Button_C_UAID_D0C1B53C4603A57102_1631137864 Label:BP_Button SpatiallyLoaded:true EditorBounds:IsValid=true, Min=(X=1050.604 Y=923.604 Z=-0.022), Max=(X=1125.396 Y=998.396 Z=33.457) RuntimeBounds:IsValid=true, Min=(X=1050.604 Y=923.604 Z=-0.022), Max=(X=1125.396 Y=998.396 Z=33.457) RuntimeGrid:None EditorOnly:false RuntimeOnly:false HLODRelevant:false ListedInSceneOutliner:true IsMainWorldOnly:false
 |   |   |- Guid:2F1FD96E4354C7A8937FA7A57445076E BaseClass:/Game/Game/Blueprints/BP_Forge.BP_Forge_C NativeClass:/Script/Engine.Actor Name:BP_Forge_C_UAID_D0C1B53C4603E77202_1784444538 Label:BP_Forge SpatiallyLoaded:true EditorBounds:IsValid=true, Min=(X=346.000 Y=1169.000 Z=-220.000), Max=(X=946.000 Y=1769.000 Z=380.000) RuntimeBounds:IsValid=true, Min=(X=411.000 Y=1291.604 Z=-150.000), Max=(X=871.817 Y=1646.396 Z=231.355) RuntimeGrid:None EditorOnly:false RuntimeOnly:false HLODRelevant:false ListedInSceneOutliner:true IsMainWorldOnly:false
 |   |   |- Guid:2FB58999456391D349DC0F86DAC136ED NativeClass:/Script/Engine.SkyLight Name:SkyLight_1 Label:SkyLight SpatiallyLoaded:false EditorBounds:IsValid=true, Min=(X=-1.000 Y=-1000.000 Z=-1.000), Max=(X=1.000 Y=1.000 Z=1.000) RuntimeBounds:IsValid=true, Min=(X=0.000 Y=-1000.000 Z=0.000), Max=(X=0.000 Y=-1000.000 Z=0.000) RuntimeGrid:None EditorOnly:false RuntimeOnly:false HLODRelevant:false ListedInSceneOutliner:true IsMainWorldOnly:false FolderPath:Lighting FolderGuid:963EC3EB4002CCE9759E2EBA541A873A
 |   |   |- Guid:316CF2A6494ACA4C0E4180A87D36AB8F NativeClass:/Script/Engine.ExponentialHeightFog Name:ExponentialHeightFog_0 Label:ExponentialHeightFog SpatiallyLoaded:false EditorBounds:IsValid=true, Min=(X=-5600.000 Y=-50.000 Z=-6850.000), Max=(X=-5600.000 Y=-50.000 Z=-6850.000) RuntimeBounds:IsValid=true, Min=(X=-5600.000 Y=-50.000 Z=-6850.000), Max=(X=-5600.000 Y=-50.000 Z=-6850.000) RuntimeGrid:None EditorOnly:false RuntimeOnly:false HLODRelevant:false ListedInSceneOutliner:true IsMainWorldOnly:false FolderPath:Lighting FolderGuid:963EC3EB4002CCE9759E2EBA541A873A
 |   |   |- Guid:34A879E342433CEEEF3CAFA8179A8EA0 BaseClass:/Game/Game/Blueprints/BP_ConveyorBelt.BP_ConveyorBelt_C NativeClass:/Script/Engine.Actor Name:BP_ConveyorBelt_C_UAID_D0C1B53C4603517202_1179989136 Label:BP_ConveyorBelt SpatiallyLoaded:true EditorBounds:IsValid=true, Min=(X=1538.000 Y=498.000 Z=-2.000), Max=(X=1698.000 Y=1479.000 Z=168.000) RuntimeBounds:IsValid=true, Min=(X=1538.000 Y=498.000 Z=-2.000), Max=(X=1698.000 Y=1479.000 Z=168.000) RuntimeGrid:None EditorOnly:false RuntimeOnly:false HLODRelevant:false ListedInSceneOutliner:true IsMainWorldOnly:false
 |   |   |- Guid:3A00AA1C422CE54C0BDB60BAF471BFBB NativeClass:/Script/Engine.PlayerStart Name:PlayerStart_0 Label:PlayerStart SpatiallyLoaded:false EditorBounds:IsValid=true, Min=(X=965.000 Y=641.000 Z=-35.987), Max=(X=1221.000 Y=1009.000 Z=220.013) RuntimeBounds:IsValid=true, Min=(X=1053.000 Y=729.000 Z=0.013), Max=(X=1133.000 Y=809.000 Z=184.013) RuntimeGrid:None EditorOnly:false RuntimeOnly:false HLODRelevant:false ListedInSceneOutliner:true IsMainWorldOnly:false
 |   |   |- Guid:4D3BE93F4146AAAC8BBE79999D96D57F NativeClass:/Script/Engine.VolumetricCloud Name:VolumetricCloud_0 Label:VolumetricCloud SpatiallyLoaded:false EditorBounds:IsValid=true, Min=(X=0.000 Y=0.000 Z=820.000), Max=(X=0.000 Y=0.000 Z=820.000) RuntimeBounds:IsValid=true, Min=(X=0.000 Y=0.000 Z=820.000), Max=(X=0.000 Y=0.000 Z=820.000) RuntimeGrid:None EditorOnly:false RuntimeOnly:false HLODRelevant:false ListedInSceneOutliner:true IsMainWorldOnly:false FolderPath:Lighting FolderGuid:963EC3EB4002CCE9759E2EBA541A873A
 |   |   |- Guid:6BAF4DDD444C60371492D3919DB42C97 NativeClass:/Script/Engine.WorldDataLayers Name:WorldDataLayers Label:WorldDataLayers SpatiallyLoaded:false EditorBounds:IsValid=true, Min=(X=0.000 Y=0.000 Z=0.000), Max=(X=0.000 Y=0.000 Z=0.000) RuntimeBounds:IsValid=true, Min=(X=0.000 Y=0.000 Z=0.000), Max=(X=0.000 Y=0.000 Z=0.000) RuntimeGrid:None EditorOnly:false RuntimeOnly:false HLODRelevant:false ListedInSceneOutliner:true IsMainWorldOnly:true
 |   |   |- Guid:7846A14341B999FA7399228547B9D351 NativeClass:/Script/Engine.StaticMeshActor Name:StaticMeshActor_UAID_D0C1B53C46035F7202_1557338603 Label:conveyor-long SpatiallyLoaded:true EditorBounds:IsValid=true, Min=(X=638.000 Y=1311.000 Z=0.000), Max=(X=638.000 Y=1311.000 Z=0.000) RuntimeBounds:IsValid=true, Min=(X=638.000 Y=1311.000 Z=0.000), Max=(X=638.000 Y=1311.000 Z=0.000) RuntimeGrid:None EditorOnly:false RuntimeOnly:false HLODRelevant:false ListedInSceneOutliner:true IsMainWorldOnly:false
 |   |   |- Guid:8B7A3F1D498B8DEC1F2D5D8085B92B2E BaseClass:/Game/Game/Blueprints/BP_ConveyorBelt.BP_ConveyorBelt_C NativeClass:/Script/Engine.Actor Name:BP_ConveyorBelt_C_UAID_D0C1B53C4603A07202_1784972039 Label:BP_ConveyorBelt2 SpatiallyLoaded:true EditorBounds:IsValid=true, Min=(X=575.000 Y=1391.000 Z=-6.000), Max=(X=1556.000 Y=1551.000 Z=164.000) RuntimeBounds:IsValid=true, Min=(X=575.000 Y=1391.000 Z=-6.000), Max=(X=1556.000 Y=1551.000 Z=164.000) RuntimeGrid:None EditorOnly:false RuntimeOnly:false HLODRelevant:false ListedInSceneOutliner:true IsMainWorldOnly:false
 |   |   |- Guid:ADE6DE0A493FF00D43D65FB3D46AFB5D NativeClass:/Script/Engine.StaticMeshActor Name:StaticMeshActor_UAID_D0C1B53C46035F7202_1382960602 Label:conveyor-bars SpatiallyLoaded:true EditorBounds:IsValid=true, Min=(X=757.000 Y=1437.000 Z=0.000), Max=(X=757.000 Y=1437.000 Z=0.000) RuntimeBounds:IsValid=true, Min=(X=757.000 Y=1437.000 Z=0.000), Max=(X=757.000 Y=1437.000 Z=0.000) RuntimeGrid:None EditorOnly:false RuntimeOnly:false HLODRelevant:false ListedInSceneOutliner:true IsMainWorldOnly:false
 |   |   |- Guid:B785ED2844B84CFB91E7F39FE661CD99 NativeClass:/Script/Engine.DirectionalLight Name:DirectionalLight_0 Label:DirectionalLight SpatiallyLoaded:false EditorBounds:IsValid=true, Min=(X=-1048576.000 Y=-1048576.000 Z=-1048576.000), Max=(X=1048576.000 Y=1048576.000 Z=1048576.000) RuntimeBounds:IsValid=true, Min=(X=-1048576.000 Y=-1048576.000 Z=-1048576.000), Max=(X=1048576.000 Y=1048576.000 Z=1048576.000) RuntimeGrid:None EditorOnly:false RuntimeOnly:false HLODRelevant:false ListedInSceneOutliner:true IsMainWorldOnly:false FolderPath:Lighting FolderGuid:963EC3EB4002CCE9759E2EBA541A873A
 |   |   |- Guid:CA5B6AB542ED84E9EFDB1AB56F05EC94 BaseClass:/Game/Game/Blueprints/BP_MiningSite.BP_MiningSite_C NativeClass:/Script/Engine.Actor Name:BP_Pickaxe_C_UAID_D0C1B53C4603A67102_1764542043 Label:BP_Pickaxe SpatiallyLoaded:true EditorBounds:IsValid=true, Min=(X=1555.823 Y=318.606 Z=-5.221), Max=(X=1722.871 Y=600.000 Z=156.070) RuntimeBounds:IsValid=true, Min=(X=1555.823 Y=318.606 Z=-5.221), Max=(X=1722.871 Y=542.683 Z=156.070) RuntimeGrid:None EditorOnly:false RuntimeOnly:false HLODRelevant:false ListedInSceneOutliner:true IsMainWorldOnly:false
 |   |   |- Guid:CCFF262C46EEFFDF319E7F9539CE697E NativeClass:/Script/Engine.SkyAtmosphere Name:SkyAtmosphere_0 Label:SkyAtmosphere SpatiallyLoaded:false EditorBounds:IsValid=true, Min=(X=0.000 Y=0.000 Z=1020.000), Max=(X=0.000 Y=0.000 Z=1020.000) RuntimeBounds:IsValid=true, Min=(X=0.000 Y=0.000 Z=1020.000), Max=(X=0.000 Y=0.000 Z=1020.000) RuntimeGrid:None EditorOnly:false RuntimeOnly:false HLODRelevant:false ListedInSceneOutliner:true IsMainWorldOnly:false FolderPath:Lighting FolderGuid:963EC3EB4002CCE9759E2EBA541A873A
 |   |   |- Guid:E3D560D74B1F372550282D9172CFBB8D BaseClass:/Game/Game/Blueprints/BP_ConveyorBelt.BP_ConveyorBelt_C NativeClass:/Script/Engine.Actor Name:BP_ConveyorBelt_C_UAID_D0C1B53C4603E77202_2019446539 Label:BP_ConveyorBelt3 SpatiallyLoaded:true EditorBounds:IsValid=true, Min=(X=473.000 Y=423.000 Z=-6.000), Max=(X=633.000 Y=1404.000 Z=164.000) RuntimeBounds:IsValid=true, Min=(X=473.000 Y=423.000 Z=-6.000), Max=(X=633.000 Y=1404.000 Z=164.000) RuntimeGrid:None EditorOnly:false RuntimeOnly:false HLODRelevant:false ListedInSceneOutliner:true IsMainWorldOnly:false
 |   |   |- Guid:EC4E0C944CE6AC6E784BC6BB2916EA13 NativeClass:/Script/Engine.StaticMeshActor Name:StaticMeshActor_UAID_A4AE111137DC5EFB00_1110535423 Label:SM_SkySphere SpatiallyLoaded:false EditorBounds:IsValid=true, Min=(X=-1638400.000 Y=-1638400.000 Z=-1638400.000), Max=(X=1638400.000 Y=1638400.000 Z=1638400.000) RuntimeBounds:IsValid=true, Min=(X=-1638400.000 Y=-1638400.000 Z=-1638400.000), Max=(X=1638400.000 Y=1638400.000 Z=1638400.000) RuntimeGrid:None EditorOnly:false RuntimeOnly:false HLODRelevant:true ListedInSceneOutliner:true IsMainWorldOnly:false FolderPath:Lighting FolderGuid:963EC3EB4002CCE9759E2EBA541A873A
 |   |   |- Guid:F1924B8D48954B30891B2DB6A694F9CC NativeClass:/Script/Engine.StaticMeshActor Name:StaticMeshActor_1 Label:SM_Cube SpatiallyLoaded:true EditorBounds:IsValid=true, Min=(X=0.000 Y=0.000 Z=-50.000), Max=(X=2087.500 Y=2050.000 Z=0.000) RuntimeBounds:IsValid=true, Min=(X=0.000 Y=0.000 Z=-50.000), Max=(X=2087.500 Y=2050.000 Z=0.000) RuntimeGrid:None EditorOnly:false RuntimeOnly:false HLODRelevant:true ListedInSceneOutliner:true IsMainWorldOnly:false FolderPath:Playground FolderGuid:C73F09FC4215536B1DCE2A9E0A830C70
 |   |   |- Guid:F55F12C64060344E5B3A9D943D2D856A BaseClass:/Game/Game/Blueprints/BP_Furnace.BP_Furnace_C NativeClass:/Script/Engine.Actor Name:BP_Furnace_C_UAID_D0C1B53C4603A37202_2003253569 Label:BP_Furnace2 SpatiallyLoaded:true EditorBounds:IsValid=true, Min=(X=1428.644 Y=1268.501 Z=-120.000), Max=(X=1805.157 Y=1639.129 Z=591.304) RuntimeBounds:IsValid=true, Min=(X=1428.644 Y=1268.501 Z=-120.000), Max=(X=1805.157 Y=1639.129 Z=591.304) RuntimeGrid:None EditorOnly:false RuntimeOnly:false HLODRelevant:false ListedInSceneOutliner:true IsMainWorldOnly:false
 |   |   |- Guid:F5E3FEB3450C49844FD93DA8E083C8AD NativeClass:/Script/Engine.PostProcessVolume Name:PostProcessVolume_0 Label:PostProcessVolume SpatiallyLoaded:false EditorBounds:IsValid=true, Min=(X=0.000 Y=0.000 Z=400.000), Max=(X=200.000 Y=200.000 Z=600.000) RuntimeBounds:IsValid=true, Min=(X=0.000 Y=0.000 Z=400.000), Max=(X=200.000 Y=200.000 Z=600.000) RuntimeGrid:None EditorOnly:false RuntimeOnly:false HLODRelevant:false ListedInSceneOutliner:true IsMainWorldOnly:false FolderPath:Lighting FolderGuid:963EC3EB4002CCE9759E2EBA541A873A
 |   |   |- Guid:FCD82A93408177A6A827BBA727E5791F BaseClass:/Game/Game/Blueprints/BP_Cart.BP_Cart_C NativeClass:/Script/Engine.Actor Name:BP_Cart_C_UAID_D0C1B53C4603897302_1097857048 Label:BP_Cart SpatiallyLoaded:true EditorBounds:IsValid=true, Min=(X=428.000 Y=283.000 Z=-136.000), Max=(X=708.000 Y=563.000 Z=144.000) RuntimeBounds:IsValid=true, Min=(X=428.000 Y=283.000 Z=-136.000), Max=(X=708.000 Y=563.000 Z=144.000) RuntimeGrid:None EditorOnly:false RuntimeOnly:false HLODRelevant:false ListedInSceneOutliner:true IsMainWorldOnly:false
 |   |- [+] Clusters:
 |   |   |- [+] [  0]
 |   |   |   |- Guid:08E66BAF457989606E951CB293F10450 NativeClass:/Script/Engine.StaticMeshActor Name:StaticMeshActor_UAID_D0C1B53C46033E7402_1761110904 Label:model2 SpatiallyLoaded:true EditorBounds:IsValid=true, Min=(X=899.932 Y=-77.811 Z=-8.768), Max=(X=1197.797 Y=214.138 Z=508.465) RuntimeBounds:IsValid=true, Min=(X=899.932 Y=-77.811 Z=-8.768), Max=(X=1197.797 Y=214.138 Z=508.465) RuntimeGrid:None EditorOnly:false RuntimeOnly:false HLODRelevant:true ListedInSceneOutliner:true IsMainWorldOnly:false
 |   |   |- [+] [  1]
 |   |   |   |- Guid:0D4F8CF0407C78D5209A72937B6CBA16 NativeClass:/Script/Engine.StaticMeshActor Name:StaticMeshActor_UAID_D0C1B53C46033E7402_1711081903 Label:model SpatiallyLoaded:true EditorBounds:IsValid=true, Min=(X=1153.469 Y=-39.860 Z=-5.608), Max=(X=1373.889 Y=176.182 Z=377.144) RuntimeBounds:IsValid=true, Min=(X=1153.469 Y=-39.860 Z=-5.608), Max=(X=1373.889 Y=176.182 Z=377.144) RuntimeGrid:None EditorOnly:false RuntimeOnly:false HLODRelevant:true ListedInSceneOutliner:true IsMainWorldOnly:false
 |   |   |- [+] [  2]
 |   |   |   |- Guid:1C1984694D4119BC29C72C8E74F90986 BaseClass:/Game/Game/Blueprints/BP_Button.BP_Button_C NativeClass:/Script/Engine.Actor Name:BP_Button_C_UAID_D0C1B53C4603A57102_1631137864 Label:BP_Button SpatiallyLoaded:true EditorBounds:IsValid=true, Min=(X=1050.604 Y=923.604 Z=-0.022), Max=(X=1125.396 Y=998.396 Z=33.457) RuntimeBounds:IsValid=true, Min=(X=1050.604 Y=923.604 Z=-0.022), Max=(X=1125.396 Y=998.396 Z=33.457) RuntimeGrid:None EditorOnly:false RuntimeOnly:false HLODRelevant:false ListedInSceneOutliner:true IsMainWorldOnly:false
 |   |   |- [+] [  3]
 |   |   |   |- Guid:2F1FD96E4354C7A8937FA7A57445076E BaseClass:/Game/Game/Blueprints/BP_Forge.BP_Forge_C NativeClass:/Script/Engine.Actor Name:BP_Forge_C_UAID_D0C1B53C4603E77202_1784444538 Label:BP_Forge SpatiallyLoaded:true EditorBounds:IsValid=true, Min=(X=346.000 Y=1169.000 Z=-220.000), Max=(X=946.000 Y=1769.000 Z=380.000) RuntimeBounds:IsValid=true, Min=(X=411.000 Y=1291.604 Z=-150.000), Max=(X=871.817 Y=1646.396 Z=231.355) RuntimeGrid:None EditorOnly:false RuntimeOnly:false HLODRelevant:false ListedInSceneOutliner:true IsMainWorldOnly:false
 |   |   |- [+] [  4]
 |   |   |   |- Guid:2FB58999456391D349DC0F86DAC136ED NativeClass:/Script/Engine.SkyLight Name:SkyLight_1 Label:SkyLight SpatiallyLoaded:false EditorBounds:IsValid=true, Min=(X=-1.000 Y=-1000.000 Z=-1.000), Max=(X=1.000 Y=1.000 Z=1.000) RuntimeBounds:IsValid=true, Min=(X=0.000 Y=-1000.000 Z=0.000), Max=(X=0.000 Y=-1000.000 Z=0.000) RuntimeGrid:None EditorOnly:false RuntimeOnly:false HLODRelevant:false ListedInSceneOutliner:true IsMainWorldOnly:false FolderPath:Lighting FolderGuid:963EC3EB4002CCE9759E2EBA541A873A
 |   |   |- [+] [  5]
 |   |   |   |- Guid:316CF2A6494ACA4C0E4180A87D36AB8F NativeClass:/Script/Engine.ExponentialHeightFog Name:ExponentialHeightFog_0 Label:ExponentialHeightFog SpatiallyLoaded:false EditorBounds:IsValid=true, Min=(X=-5600.000 Y=-50.000 Z=-6850.000), Max=(X=-5600.000 Y=-50.000 Z=-6850.000) RuntimeBounds:IsValid=true, Min=(X=-5600.000 Y=-50.000 Z=-6850.000), Max=(X=-5600.000 Y=-50.000 Z=-6850.000) RuntimeGrid:None EditorOnly:false RuntimeOnly:false HLODRelevant:false ListedInSceneOutliner:true IsMainWorldOnly:false FolderPath:Lighting FolderGuid:963EC3EB4002CCE9759E2EBA541A873A
 |   |   |- [+] [  6]
 |   |   |   |- Guid:34A879E342433CEEEF3CAFA8179A8EA0 BaseClass:/Game/Game/Blueprints/BP_ConveyorBelt.BP_ConveyorBelt_C NativeClass:/Script/Engine.Actor Name:BP_ConveyorBelt_C_UAID_D0C1B53C4603517202_1179989136 Label:BP_ConveyorBelt SpatiallyLoaded:true EditorBounds:IsValid=true, Min=(X=1538.000 Y=498.000 Z=-2.000), Max=(X=1698.000 Y=1479.000 Z=168.000) RuntimeBounds:IsValid=true, Min=(X=1538.000 Y=498.000 Z=-2.000), Max=(X=1698.000 Y=1479.000 Z=168.000) RuntimeGrid:None EditorOnly:false RuntimeOnly:false HLODRelevant:false ListedInSceneOutliner:true IsMainWorldOnly:false
 |   |   |- [+] [  7]
 |   |   |   |- Guid:3A00AA1C422CE54C0BDB60BAF471BFBB NativeClass:/Script/Engine.PlayerStart Name:PlayerStart_0 Label:PlayerStart SpatiallyLoaded:false EditorBounds:IsValid=true, Min=(X=965.000 Y=641.000 Z=-35.987), Max=(X=1221.000 Y=1009.000 Z=220.013) RuntimeBounds:IsValid=true, Min=(X=1053.000 Y=729.000 Z=0.013), Max=(X=1133.000 Y=809.000 Z=184.013) RuntimeGrid:None EditorOnly:false RuntimeOnly:false HLODRelevant:false ListedInSceneOutliner:true IsMainWorldOnly:false
 |   |   |- [+] [  8]
 |   |   |   |- Guid:4D3BE93F4146AAAC8BBE79999D96D57F NativeClass:/Script/Engine.VolumetricCloud Name:VolumetricCloud_0 Label:VolumetricCloud SpatiallyLoaded:false EditorBounds:IsValid=true, Min=(X=0.000 Y=0.000 Z=820.000), Max=(X=0.000 Y=0.000 Z=820.000) RuntimeBounds:IsValid=true, Min=(X=0.000 Y=0.000 Z=820.000), Max=(X=0.000 Y=0.000 Z=820.000) RuntimeGrid:None EditorOnly:false RuntimeOnly:false HLODRelevant:false ListedInSceneOutliner:true IsMainWorldOnly:false FolderPath:Lighting FolderGuid:963EC3EB4002CCE9759E2EBA541A873A
 |   |   |- [+] [  9]
 |   |   |   |- Guid:6BAF4DDD444C60371492D3919DB42C97 NativeClass:/Script/Engine.WorldDataLayers Name:WorldDataLayers Label:WorldDataLayers SpatiallyLoaded:false EditorBounds:IsValid=true, Min=(X=0.000 Y=0.000 Z=0.000), Max=(X=0.000 Y=0.000 Z=0.000) RuntimeBounds:IsValid=true, Min=(X=0.000 Y=0.000 Z=0.000), Max=(X=0.000 Y=0.000 Z=0.000) RuntimeGrid:None EditorOnly:false RuntimeOnly:false HLODRelevant:false ListedInSceneOutliner:true IsMainWorldOnly:true
 |   |   |- [+] [ 10]
 |   |   |   |- Guid:7846A14341B999FA7399228547B9D351 NativeClass:/Script/Engine.StaticMeshActor Name:StaticMeshActor_UAID_D0C1B53C46035F7202_1557338603 Label:conveyor-long SpatiallyLoaded:true EditorBounds:IsValid=true, Min=(X=638.000 Y=1311.000 Z=0.000), Max=(X=638.000 Y=1311.000 Z=0.000) RuntimeBounds:IsValid=true, Min=(X=638.000 Y=1311.000 Z=0.000), Max=(X=638.000 Y=1311.000 Z=0.000) RuntimeGrid:None EditorOnly:false RuntimeOnly:false HLODRelevant:false ListedInSceneOutliner:true IsMainWorldOnly:false
 |   |   |- [+] [ 11]
 |   |   |   |- Guid:8B7A3F1D498B8DEC1F2D5D8085B92B2E BaseClass:/Game/Game/Blueprints/BP_ConveyorBelt.BP_ConveyorBelt_C NativeClass:/Script/Engine.Actor Name:BP_ConveyorBelt_C_UAID_D0C1B53C4603A07202_1784972039 Label:BP_ConveyorBelt2 SpatiallyLoaded:true EditorBounds:IsValid=true, Min=(X=575.000 Y=1391.000 Z=-6.000), Max=(X=1556.000 Y=1551.000 Z=164.000) RuntimeBounds:IsValid=true, Min=(X=575.000 Y=1391.000 Z=-6.000), Max=(X=1556.000 Y=1551.000 Z=164.000) RuntimeGrid:None EditorOnly:false RuntimeOnly:false HLODRelevant:false ListedInSceneOutliner:true IsMainWorldOnly:false
 |   |   |- [+] [ 12]
 |   |   |   |- Guid:ADE6DE0A493FF00D43D65FB3D46AFB5D NativeClass:/Script/Engine.StaticMeshActor Name:StaticMeshActor_UAID_D0C1B53C46035F7202_1382960602 Label:conveyor-bars SpatiallyLoaded:true EditorBounds:IsValid=true, Min=(X=757.000 Y=1437.000 Z=0.000), Max=(X=757.000 Y=1437.000 Z=0.000) RuntimeBounds:IsValid=true, Min=(X=757.000 Y=1437.000 Z=0.000), Max=(X=757.000 Y=1437.000 Z=0.000) RuntimeGrid:None EditorOnly:false RuntimeOnly:false HLODRelevant:false ListedInSceneOutliner:true IsMainWorldOnly:false
 |   |   |- [+] [ 13]
 |   |   |   |- Guid:B785ED2844B84CFB91E7F39FE661CD99 NativeClass:/Script/Engine.DirectionalLight Name:DirectionalLight_0 Label:DirectionalLight SpatiallyLoaded:false EditorBounds:IsValid=true, Min=(X=-1048576.000 Y=-1048576.000 Z=-1048576.000), Max=(X=1048576.000 Y=1048576.000 Z=1048576.000) RuntimeBounds:IsValid=true, Min=(X=-1048576.000 Y=-1048576.000 Z=-1048576.000), Max=(X=1048576.000 Y=1048576.000 Z=1048576.000) RuntimeGrid:None EditorOnly:false RuntimeOnly:false HLODRelevant:false ListedInSceneOutliner:true IsMainWorldOnly:false FolderPath:Lighting FolderGuid:963EC3EB4002CCE9759E2EBA541A873A
 |   |   |- [+] [ 14]
 |   |   |   |- Guid:CA5B6AB542ED84E9EFDB1AB56F05EC94 BaseClass:/Game/Game/Blueprints/BP_MiningSite.BP_MiningSite_C NativeClass:/Script/Engine.Actor Name:BP_Pickaxe_C_UAID_D0C1B53C4603A67102_1764542043 Label:BP_Pickaxe SpatiallyLoaded:true EditorBounds:IsValid=true, Min=(X=1555.823 Y=318.606 Z=-5.221), Max=(X=1722.871 Y=600.000 Z=156.070) RuntimeBounds:IsValid=true, Min=(X=1555.823 Y=318.606 Z=-5.221), Max=(X=1722.871 Y=542.683 Z=156.070) RuntimeGrid:None EditorOnly:false RuntimeOnly:false HLODRelevant:false ListedInSceneOutliner:true IsMainWorldOnly:false
 |   |   |- [+] [ 15]
 |   |   |   |- Guid:CCFF262C46EEFFDF319E7F9539CE697E NativeClass:/Script/Engine.SkyAtmosphere Name:SkyAtmosphere_0 Label:SkyAtmosphere SpatiallyLoaded:false EditorBounds:IsValid=true, Min=(X=0.000 Y=0.000 Z=1020.000), Max=(X=0.000 Y=0.000 Z=1020.000) RuntimeBounds:IsValid=true, Min=(X=0.000 Y=0.000 Z=1020.000), Max=(X=0.000 Y=0.000 Z=1020.000) RuntimeGrid:None EditorOnly:false RuntimeOnly:false HLODRelevant:false ListedInSceneOutliner:true IsMainWorldOnly:false FolderPath:Lighting FolderGuid:963EC3EB4002CCE9759E2EBA541A873A
 |   |   |- [+] [ 16]
 |   |   |   |- Guid:E3D560D74B1F372550282D9172CFBB8D BaseClass:/Game/Game/Blueprints/BP_ConveyorBelt.BP_ConveyorBelt_C NativeClass:/Script/Engine.Actor Name:BP_ConveyorBelt_C_UAID_D0C1B53C4603E77202_2019446539 Label:BP_ConveyorBelt3 SpatiallyLoaded:true EditorBounds:IsValid=true, Min=(X=473.000 Y=423.000 Z=-6.000), Max=(X=633.000 Y=1404.000 Z=164.000) RuntimeBounds:IsValid=true, Min=(X=473.000 Y=423.000 Z=-6.000), Max=(X=633.000 Y=1404.000 Z=164.000) RuntimeGrid:None EditorOnly:false RuntimeOnly:false HLODRelevant:false ListedInSceneOutliner:true IsMainWorldOnly:false
 |   |   |- [+] [ 17]
 |   |   |   |- Guid:EC4E0C944CE6AC6E784BC6BB2916EA13 NativeClass:/Script/Engine.StaticMeshActor Name:StaticMeshActor_UAID_A4AE111137DC5EFB00_1110535423 Label:SM_SkySphere SpatiallyLoaded:false EditorBounds:IsValid=true, Min=(X=-1638400.000 Y=-1638400.000 Z=-1638400.000), Max=(X=1638400.000 Y=1638400.000 Z=1638400.000) RuntimeBounds:IsValid=true, Min=(X=-1638400.000 Y=-1638400.000 Z=-1638400.000), Max=(X=1638400.000 Y=1638400.000 Z=1638400.000) RuntimeGrid:None EditorOnly:false RuntimeOnly:false HLODRelevant:true ListedInSceneOutliner:true IsMainWorldOnly:false FolderPath:Lighting FolderGuid:963EC3EB4002CCE9759E2EBA541A873A
 |   |   |- [+] [ 18]
 |   |   |   |- Guid:F1924B8D48954B30891B2DB6A694F9CC NativeClass:/Script/Engine.StaticMeshActor Name:StaticMeshActor_1 Label:SM_Cube SpatiallyLoaded:true EditorBounds:IsValid=true, Min=(X=0.000 Y=0.000 Z=-50.000), Max=(X=2087.500 Y=2050.000 Z=0.000) RuntimeBounds:IsValid=true, Min=(X=0.000 Y=0.000 Z=-50.000), Max=(X=2087.500 Y=2050.000 Z=0.000) RuntimeGrid:None EditorOnly:false RuntimeOnly:false HLODRelevant:true ListedInSceneOutliner:true IsMainWorldOnly:false FolderPath:Playground FolderGuid:C73F09FC4215536B1DCE2A9E0A830C70
 |   |   |- [+] [ 19]
 |   |   |   |- Guid:F55F12C64060344E5B3A9D943D2D856A BaseClass:/Game/Game/Blueprints/BP_Furnace.BP_Furnace_C NativeClass:/Script/Engine.Actor Name:BP_Furnace_C_UAID_D0C1B53C4603A37202_2003253569 Label:BP_Furnace2 SpatiallyLoaded:true EditorBounds:IsValid=true, Min=(X=1428.644 Y=1268.501 Z=-120.000), Max=(X=1805.157 Y=1639.129 Z=591.304) RuntimeBounds:IsValid=true, Min=(X=1428.644 Y=1268.501 Z=-120.000), Max=(X=1805.157 Y=1639.129 Z=591.304) RuntimeGrid:None EditorOnly:false RuntimeOnly:false HLODRelevant:false ListedInSceneOutliner:true IsMainWorldOnly:false
 |   |   |- [+] [ 20]
 |   |   |   |- Guid:F5E3FEB3450C49844FD93DA8E083C8AD NativeClass:/Script/Engine.PostProcessVolume Name:PostProcessVolume_0 Label:PostProcessVolume SpatiallyLoaded:false EditorBounds:IsValid=true, Min=(X=0.000 Y=0.000 Z=400.000), Max=(X=200.000 Y=200.000 Z=600.000) RuntimeBounds:IsValid=true, Min=(X=0.000 Y=0.000 Z=400.000), Max=(X=200.000 Y=200.000 Z=600.000) RuntimeGrid:None EditorOnly:false RuntimeOnly:false HLODRelevant:false ListedInSceneOutliner:true IsMainWorldOnly:false FolderPath:Lighting FolderGuid:963EC3EB4002CCE9759E2EBA541A873A
 |   |   |- [+] [ 21]
 |   |   |   |- Guid:FCD82A93408177A6A827BBA727E5791F BaseClass:/Game/Game/Blueprints/BP_Cart.BP_Cart_C NativeClass:/Script/Engine.Actor Name:BP_Cart_C_UAID_D0C1B53C4603897302_1097857048 Label:BP_Cart SpatiallyLoaded:true EditorBounds:IsValid=true, Min=(X=428.000 Y=283.000 Z=-136.000), Max=(X=708.000 Y=563.000 Z=144.000) RuntimeBounds:IsValid=true, Min=(X=428.000 Y=283.000 Z=-136.000), Max=(X=708.000 Y=563.000 Z=144.000) RuntimeGrid:None EditorOnly:false RuntimeOnly:false HLODRelevant:false ListedInSceneOutliner:true IsMainWorldOnly:false
 |- ContainerInstances:
 |- [+] MainContainer:
 |   |-        ID: 00000000000000000000000000000000
 |   |-  ParentID: 00000000000000000000000000000000
 |   |-    Bounds: IsValid=false, Min=(X=0.000 Y=0.000 Z=0.000), Max=(X=0.000 Y=0.000 Z=0.000)
 |   |- Transform: 0.000000,0.000000,0.000000|0.000000,0.000000,-0.000000|1.000000,1.000000,1.000000
 |   |- Container: /Game/ThirdPerson/Maps/ThirdPersonMap
----------------------------------------------------------------------------------------------------------------
ThirdPersonMap - Persistent Level
----------------------------------------------------------------------------------------------------------------
[+] Content of ThirdPersonMap Persistent Level
 |- Always loaded Actor Count: 22 
 |- Actor Path: /Game/ThirdPerson/Maps/ThirdPersonMap.ThirdPersonMap:PersistentLevel.BP_Button_C_UAID_D0C1B53C4603A57102_1631137864
 |- Actor Package: /Game/__ExternalActors__/ThirdPerson/Maps/ThirdPersonMap/4/F6/U36ZOSGINJOL3D18281CX6
 |- Actor Path: /Game/ThirdPerson/Maps/ThirdPersonMap.ThirdPersonMap:PersistentLevel.BP_Cart_C_UAID_D0C1B53C4603897302_1097857048
 |- Actor Package: /Game/__ExternalActors__/ThirdPerson/Maps/ThirdPersonMap/4/QU/FFAYOHNC69O5IPBEZDO6MY
 |- Actor Path: /Game/ThirdPerson/Maps/ThirdPersonMap.ThirdPersonMap:PersistentLevel.BP_ConveyorBelt_C_UAID_D0C1B53C4603517202_1179989136
 |- Actor Package: /Game/__ExternalActors__/ThirdPerson/Maps/ThirdPersonMap/7/56/4UQTD5WEZWHHSQCO89XTNQ
 |- Actor Path: /Game/ThirdPerson/Maps/ThirdPersonMap.ThirdPersonMap:PersistentLevel.BP_ConveyorBelt_C_UAID_D0C1B53C4603A07202_1784972039
 |- Actor Package: /Game/__ExternalActors__/ThirdPerson/Maps/ThirdPersonMap/7/8O/MUSDJFUENM7NRBZO26AXUP
 |- Actor Path: /Game/ThirdPerson/Maps/ThirdPersonMap.ThirdPersonMap:PersistentLevel.BP_ConveyorBelt_C_UAID_D0C1B53C4603E77202_2019446539
 |- Actor Package: /Game/__ExternalActors__/ThirdPerson/Maps/ThirdPersonMap/4/9Z/ZTASXTW4NI18P67SMGHWYA
 |- Actor Path: /Game/ThirdPerson/Maps/ThirdPersonMap.ThirdPersonMap:PersistentLevel.BP_Forge_C_UAID_D0C1B53C4603E77202_1784444538
 |- Actor Package: /Game/__ExternalActors__/ThirdPerson/Maps/ThirdPersonMap/4/TX/DGCVZX4VZLLMKGL4VJ1FVT
 |- Actor Path: /Game/ThirdPerson/Maps/ThirdPersonMap.ThirdPersonMap:PersistentLevel.BP_Furnace_C_UAID_D0C1B53C4603A37202_2003253569
 |- Actor Package: /Game/__ExternalActors__/ThirdPerson/Maps/ThirdPersonMap/2/2E/XRD8OCMUYHT78324H4NLEQ
 |- Actor Path: /Game/ThirdPerson/Maps/ThirdPersonMap.ThirdPersonMap:PersistentLevel.BP_Pickaxe_C_UAID_D0C1B53C4603A67102_1764542043
 |- Actor Package: /Game/__ExternalActors__/ThirdPerson/Maps/ThirdPersonMap/6/0P/EQ3K6MWFMG8C5HXGNSAV8U
 |- Actor Path: /Game/ThirdPerson/Maps/ThirdPersonMap.ThirdPersonMap:PersistentLevel.DirectionalLight_0
 |- Actor Package: /Game/__ExternalActors__/ThirdPerson/Maps/ThirdPersonMap/5/R1/TS5OQ5CRUWFZYL1ZQ7I416
 |- Actor Path: /Game/ThirdPerson/Maps/ThirdPersonMap.ThirdPersonMap:PersistentLevel.ExponentialHeightFog_0
 |- Actor Package: /Game/__ExternalActors__/ThirdPerson/Maps/ThirdPersonMap/6/J7/N10XDC9G27EMLS5AGZ6AVV
 |- Actor Path: /Game/ThirdPerson/Maps/ThirdPersonMap.ThirdPersonMap:PersistentLevel.PlayerStart_0
 |- Actor Package: /Game/__ExternalActors__/ThirdPerson/Maps/ThirdPersonMap/D/DE/SWSI13675DVYIZ0N4NF7Y3
 |- Actor Path: /Game/ThirdPerson/Maps/ThirdPersonMap.ThirdPersonMap:PersistentLevel.PostProcessVolume_0
 |- Actor Package: /Game/__ExternalActors__/ThirdPerson/Maps/ThirdPersonMap/1/AZ/A7GPT109Y6ZTTJD4A7TXER
 |- Actor Path: /Game/ThirdPerson/Maps/ThirdPersonMap.ThirdPersonMap:PersistentLevel.SkyAtmosphere_0
 |- Actor Package: /Game/__ExternalActors__/ThirdPerson/Maps/ThirdPersonMap/4/LN/30UBDLYFFA5ZR7U4W4L4GG
 |- Actor Path: /Game/ThirdPerson/Maps/ThirdPersonMap.ThirdPersonMap:PersistentLevel.SkyLight_1
 |- Actor Package: /Game/__ExternalActors__/ThirdPerson/Maps/ThirdPersonMap/8/S1/DXUWD12MD3HRWVVXX076BY
 |- Actor Path: /Game/ThirdPerson/Maps/ThirdPersonMap.ThirdPersonMap:PersistentLevel.StaticMeshActor_1
 |- Actor Package: /Game/__ExternalActors__/ThirdPerson/Maps/ThirdPersonMap/6/YO/NG2R9BPZVA7ZDN0Z4VSTG6
 |- Actor Path: /Game/ThirdPerson/Maps/ThirdPersonMap.ThirdPersonMap:PersistentLevel.StaticMeshActor_UAID_A4AE111137DC5EFB00_1110535423
 |- Actor Package: /Game/__ExternalActors__/ThirdPerson/Maps/ThirdPersonMap/4/PN/2QISIGK5DJNQ05US8O8FXW
 |- Actor Path: /Game/ThirdPerson/Maps/ThirdPersonMap.ThirdPersonMap:PersistentLevel.StaticMeshActor_UAID_D0C1B53C46033E7402_1711081903
 |- Actor Package: /Game/__ExternalActors__/ThirdPerson/Maps/ThirdPersonMap/1/62/NO0J42D5IKH294ENHS3I7E
 |- Actor Path: /Game/ThirdPerson/Maps/ThirdPersonMap.ThirdPersonMap:PersistentLevel.StaticMeshActor_UAID_D0C1B53C46033E7402_1761110904
 |- Actor Package: /Game/__ExternalActors__/ThirdPerson/Maps/ThirdPersonMap/8/SD/OFLVEVF873I1Z029HXH32Z
 |- Actor Path: /Game/ThirdPerson/Maps/ThirdPersonMap.ThirdPersonMap:PersistentLevel.StaticMeshActor_UAID_D0C1B53C46035F7202_1382960602
 |- Actor Package: /Game/__ExternalActors__/ThirdPerson/Maps/ThirdPersonMap/4/9O/69CI1WIXL3M5QCBCUG9Y4L
 |- Actor Path: /Game/ThirdPerson/Maps/ThirdPersonMap.ThirdPersonMap:PersistentLevel.StaticMeshActor_UAID_D0C1B53C46035F7202_1557338603
 |- Actor Package: /Game/__ExternalActors__/ThirdPerson/Maps/ThirdPersonMap/3/WI/VYYJGCG1Z8GBDAXJ3O7HTK
 |- Actor Path: /Game/ThirdPerson/Maps/ThirdPersonMap.ThirdPersonMap:PersistentLevel.VolumetricCloud_0
 |- Actor Package: /Game/__ExternalActors__/ThirdPerson/Maps/ThirdPersonMap/3/EY/87SHEJN5UBEAN2K5OV1G6R
 |- Actor Path: /Game/ThirdPerson/Maps/ThirdPersonMap.ThirdPersonMap:PersistentLevel.WorldDataLayers
 |- Actor Package: /Game/__ExternalActors__/ThirdPerson/Maps/ThirdPersonMap/0/43/HYQWORMY4JDQ5X3OKZXFLC

----------------------------------------------------------------------------------------------------------------
ThirdPersonMap - Runtime Hash Set
----------------------------------------------------------------------------------------------------------------

